// Jest Snapshot v1, https://goo.gl/fbAQLP

exports[`renders learn react link 1`] = `
Object {
  "asFragment": [Function],
  "baseElement": <body>
    <div>
      <main
        class="App"
      >
        <div
          style="margin-top: 3rem; text-align: left;"
        >
          <form>
            <label
              for="user_id"
            >
              <br />
              User id
              <div>
                <input
                  id="user_id"
                  name="userId"
                  placeholder="User id"
                  style="margin-top: 12px;"
                  type="text"
                  value=""
                />
              </div>
            </label>
            <br />
            <label
              for="password"
            >
              <br />
              Password
              <div>
                <input
                  id="password"
                  name="password"
                  placeholder="Password"
                  style="margin-top: 12px;"
                  type="password"
                  value=""
                />
              </div>
            </label>
            <br />
            <button
              style="margin-top: 12px;"
              type="submit"
            >
              Sign in
            </button>
          </form>
        </div>
      </main>
    </div>
  </body>,
  "container": <div>
    <main
      class="App"
    >
      <div
        style="margin-top: 3rem; text-align: left;"
      >
        <form>
          <label
            for="user_id"
          >
            <br />
            User id
            <div>
              <input
                id="user_id"
                name="userId"
                placeholder="User id"
                style="margin-top: 12px;"
                type="text"
                value=""
              />
            </div>
          </label>
          <br />
          <label
            for="password"
          >
            <br />
            Password
            <div>
              <input
                id="password"
                name="password"
                placeholder="Password"
                style="margin-top: 12px;"
                type="password"
                value=""
              />
            </div>
          </label>
          <br />
          <button
            style="margin-top: 12px;"
            type="submit"
          >
            Sign in
          </button>
        </form>
      </div>
    </main>
  </div>,
  "debug": [Function],
  "findAllByAltText": [Function],
  "findAllByDisplayValue": [Function],
  "findAllByLabelText": [Function],
  "findAllByPlaceholderText": [Function],
  "findAllByRole": [Function],
  "findAllByTestId": [Function],
  "findAllByText": [Function],
  "findAllByTitle": [Function],
  "findByAltText": [Function],
  "findByDisplayValue": [Function],
  "findByLabelText": [Function],
  "findByPlaceholderText": [Function],
  "findByRole": [Function],
  "findByTestId": [Function],
  "findByText": [Function],
  "findByTitle": [Function],
  "getAllByAltText": [Function],
  "getAllByDisplayValue": [Function],
  "getAllByLabelText": [Function],
  "getAllByPlaceholderText": [Function],
  "getAllByRole": [Function],
  "getAllByTestId": [Function],
  "getAllByText": [Function],
  "getAllByTitle": [Function],
  "getByAltText": [Function],
  "getByDisplayValue": [Function],
  "getByLabelText": [Function],
  "getByPlaceholderText": [Function],
  "getByRole": [Function],
  "getByTestId": [Function],
  "getByText": [Function],
  "getByTitle": [Function],
  "queryAllByAltText": [Function],
  "queryAllByDisplayValue": [Function],
  "queryAllByLabelText": [Function],
  "queryAllByPlaceholderText": [Function],
  "queryAllByRole": [Function],
  "queryAllByTestId": [Function],
  "queryAllByText": [Function],
  "queryAllByTitle": [Function],
  "queryByAltText": [Function],
  "queryByDisplayValue": [Function],
  "queryByLabelText": [Function],
  "queryByPlaceholderText": [Function],
  "queryByRole": [Function],
  "queryByTestId": [Function],
  "queryByText": [Function],
  "queryByTitle": [Function],
  "rerender": [Function],
  "unmount": [Function],
}
`;
